[medical.alsehha.gov.sa/index.html]
[backblue.gif]
[fade.gif]
[index.html]
[medical.alsehha.gov.sa/images/favicon-16x16.png]
[medical.alsehha.gov.sa/css/font-awesome.min.css]
[medical.alsehha.gov.sa/css/bootstrap-rtl.css]
[medical.alsehha.gov.sa/css/style.css]
[medical.alsehha.gov.sa/css/ck-theme-dark.css]
[medical.alsehha.gov.sa/css/ck-language-arabic.css]
[medical.alsehha.gov.sa/images/logo-light.png]
[medical.alsehha.gov.sa/images/medical-records.png]
[medical.alsehha.gov.sa/create.html]
[medical.alsehha.gov.sa/images/icon-medical-records.png]
[medical.alsehha.gov.sa/check.html]
[medical.alsehha.gov.sa/images/search.png]
[medical.alsehha.gov.sa/js/jquery-3.3.1.min.js]
[medical.alsehha.gov.sa/js/bootstrap.min.js]
[medical.alsehha.gov.sa/js/jquery.validate.min.js]
[medical.alsehha.gov.sa/js/additional-methods.min.js]
[medical.alsehha.gov.sa/js/validation_messages_ar.js]
[medical.alsehha.gov.sa/js/jquery.blockui.min.js]
[medical.alsehha.gov.sa/js/chk.min.js]
[medical.alsehha.gov.sa/index.html]
[medical.alsehha.gov.sa/fonts/fontawesome-webfont3e6e.eot]
[medical.alsehha.gov.sa/fonts/fontawesome-webfontd41d.eot]
[medical.alsehha.gov.sa/fonts/fontawesome-webfont3e6e.woff2]
[medical.alsehha.gov.sa/fonts/fontawesome-webfont3e6e.woff]
[medical.alsehha.gov.sa/fonts/fontawesome-webfont3e6e.ttf]
[medical.alsehha.gov.sa/css/font-awesome.min.css]
[medical.alsehha.gov.sa/fonts/DroidKufi-Regular.ttf]
[medical.alsehha.gov.sa/fonts/DroidKufi-Regular.eot]
[medical.alsehha.gov.sa/fonts/glyphicons-halflings-regular.eot]
[medical.alsehha.gov.sa/fonts/glyphicons-halflings-regulard41d.eot]
[medical.alsehha.gov.sa/fonts/glyphicons-halflings-regular.woff2]
[medical.alsehha.gov.sa/fonts/glyphicons-halflings-regular.woff]
[medical.alsehha.gov.sa/fonts/glyphicons-halflings-regular.ttf]
[medical.alsehha.gov.sa/css/bootstrap-rtl.css]
[medical.alsehha.gov.sa/images/tweed.png]
[medical.alsehha.gov.sa/css/style.css]
[medical.alsehha.gov.sa/css/ck-theme-dark.css]
[medical.alsehha.gov.sa/css/ck-language-arabic.css]
[medical.alsehha.gov.sa/css/jquery.calendars.picker.css]
[medical.alsehha.gov.sa/css/select2.css]
[medical.alsehha.gov.sa/css/select2-bootstrap.css]
[medical.alsehha.gov.sa/css/sweetalert2.css]
[medical.alsehha.gov.sa/captcha/flat52af.png]
[medical.alsehha.gov.sa/js/select2.min.js]
[medical.alsehha.gov.sa/js/select2_ar.js]
[medical.alsehha.gov.sa/js/sweetalert2.min.js]
[medical.alsehha.gov.sa/js/calendar/jquery.plugin.min.js]
[medical.alsehha.gov.sa/js/calendar/jquery.calendars.min.js]
[medical.alsehha.gov.sa/js/calendar/jquery.calendars.plus.min.js]
[medical.alsehha.gov.sa/js/calendar/jquery.calendars.picker.min.js]
[medical.alsehha.gov.sa/js/calendar/jquery.calendars.picker-ar.js]
[medical.alsehha.gov.sa/js/calendar/jquery.calendars-ar-EG.js]
[medical.alsehha.gov.sa/js/calendar/jquery.calendars.ummalqura.min.js]
[medical.alsehha.gov.sa/js/validation.js]
[medical.alsehha.gov.sa/js/script.js]
[medical.alsehha.gov.sa/create.html]
[medical.alsehha.gov.sa/css/timeline.css]
[medical.alsehha.gov.sa/js/moment-with-locales.js]
[www.google.com/recaptcha/apif5d4.js]
[medical.alsehha.gov.sa/js/check.js]
[medical.alsehha.gov.sa/check.html]
[medical.alsehha.gov.sa/fonts/fontawesome-webfont3e6e.svg]
[medical.alsehha.gov.sa/fonts/glyphicons-halflings-regular.svg]
[medical.alsehha.gov.sa/css/jquery.calendars.picker.css]
[medical.alsehha.gov.sa/css/select2.css]
[medical.alsehha.gov.sa/css/select2-bootstrap.css]
[medical.alsehha.gov.sa/css/sweetalert2.css]
[medical.alsehha.gov.sa/css/timeline.css]
